H:\project\clone class classification\SourceMeter-9.2.0-x64-Windows\Java\Demo\iFL4Eclipse\org.eclipse.sed.ifl.root\bundles\org.eclipse.sed.ifl\src\org\eclipse\sed\ifl\bi\faced\execution\IMavenExecutor.java
H:\project\clone class classification\SourceMeter-9.2.0-x64-Windows\Java\Demo\iFL4Eclipse\org.eclipse.sed.ifl.root\bundles\org.eclipse.sed.ifl\src\org\eclipse\sed\ifl\bi\faced\MethodScoreHandler.java
H:\project\clone class classification\SourceMeter-9.2.0-x64-Windows\Java\Demo\iFL4Eclipse\org.eclipse.sed.ifl.root\bundles\org.eclipse.sed.ifl\src\org\eclipse\sed\ifl\control\Control.java
H:\project\clone class classification\SourceMeter-9.2.0-x64-Windows\Java\Demo\iFL4Eclipse\org.eclipse.sed.ifl.root\bundles\org.eclipse.sed.ifl\src\org\eclipse\sed\ifl\control\feedback\ContextBasedOptionCreatorControl.java
H:\project\clone class classification\SourceMeter-9.2.0-x64-Windows\Java\Demo\iFL4Eclipse\org.eclipse.sed.ifl.root\bundles\org.eclipse.sed.ifl\src\org\eclipse\sed\ifl\control\feedback\ScoreSetterControl.java
H:\project\clone class classification\SourceMeter-9.2.0-x64-Windows\Java\Demo\iFL4Eclipse\org.eclipse.sed.ifl.root\bundles\org.eclipse.sed.ifl\src\org\eclipse\sed\ifl\control\IControl.java
H:\project\clone class classification\SourceMeter-9.2.0-x64-Windows\Java\Demo\iFL4Eclipse\org.eclipse.sed.ifl.root\bundles\org.eclipse.sed.ifl\src\org\eclipse\sed\ifl\control\IViewlessControl.java
H:\project\clone class classification\SourceMeter-9.2.0-x64-Windows\Java\Demo\iFL4Eclipse\org.eclipse.sed.ifl.root\bundles\org.eclipse.sed.ifl\src\org\eclipse\sed\ifl\control\ModelNotSetException.java
H:\project\clone class classification\SourceMeter-9.2.0-x64-Windows\Java\Demo\iFL4Eclipse\org.eclipse.sed.ifl.root\bundles\org.eclipse.sed.ifl\src\org\eclipse\sed\ifl\control\monitor\ActivityMonitorControl.java
H:\project\clone class classification\SourceMeter-9.2.0-x64-Windows\Java\Demo\iFL4Eclipse\org.eclipse.sed.ifl.root\bundles\org.eclipse.sed.ifl\src\org\eclipse\sed\ifl\control\monitor\LogOnlyModeControl.java
H:\project\clone class classification\SourceMeter-9.2.0-x64-Windows\Java\Demo\iFL4Eclipse\org.eclipse.sed.ifl.root\bundles\org.eclipse.sed.ifl\src\org\eclipse\sed\ifl\control\monitor\PartMonitorControl.java
H:\project\clone class classification\SourceMeter-9.2.0-x64-Windows\Java\Demo\iFL4Eclipse\org.eclipse.sed.ifl.root\bundles\org.eclipse.sed.ifl\src\org\eclipse\sed\ifl\control\monitor\PartState.java
H:\project\clone class classification\SourceMeter-9.2.0-x64-Windows\Java\Demo\iFL4Eclipse\org.eclipse.sed.ifl.root\bundles\org.eclipse.sed.ifl\src\org\eclipse\sed\ifl\control\score\filter\ContextSizeFilter.java
H:\project\clone class classification\SourceMeter-9.2.0-x64-Windows\Java\Demo\iFL4Eclipse\org.eclipse.sed.ifl.root\bundles\org.eclipse.sed.ifl\src\org\eclipse\sed\ifl\control\score\filter\FilterControl.java
H:\project\clone class classification\SourceMeter-9.2.0-x64-Windows\Java\Demo\iFL4Eclipse\org.eclipse.sed.ifl.root\bundles\org.eclipse.sed.ifl\src\org\eclipse\sed\ifl\control\score\filter\HideUndefinedFilter.java
H:\project\clone class classification\SourceMeter-9.2.0-x64-Windows\Java\Demo\iFL4Eclipse\org.eclipse.sed.ifl.root\bundles\org.eclipse.sed.ifl\src\org\eclipse\sed\ifl\control\score\filter\LessOrEqualFilter.java
H:\project\clone class classification\SourceMeter-9.2.0-x64-Windows\Java\Demo\iFL4Eclipse\org.eclipse.sed.ifl.root\bundles\org.eclipse.sed.ifl\src\org\eclipse\sed\ifl\control\score\filter\NameFilter.java
H:\project\clone class classification\SourceMeter-9.2.0-x64-Windows\Java\Demo\iFL4Eclipse\org.eclipse.sed.ifl.root\bundles\org.eclipse.sed.ifl\src\org\eclipse\sed\ifl\control\score\filter\ScoreFilter.java
H:\project\clone class classification\SourceMeter-9.2.0-x64-Windows\Java\Demo\iFL4Eclipse\org.eclipse.sed.ifl.root\bundles\org.eclipse.sed.ifl\src\org\eclipse\sed\ifl\control\score\Score.java
H:\project\clone class classification\SourceMeter-9.2.0-x64-Windows\Java\Demo\iFL4Eclipse\org.eclipse.sed.ifl.root\bundles\org.eclipse.sed.ifl\src\org\eclipse\sed\ifl\control\score\ScoreHistoryControl.java
H:\project\clone class classification\SourceMeter-9.2.0-x64-Windows\Java\Demo\iFL4Eclipse\org.eclipse.sed.ifl.root\bundles\org.eclipse.sed.ifl\src\org\eclipse\sed\ifl\control\score\ScoreListControl.java
H:\project\clone class classification\SourceMeter-9.2.0-x64-Windows\Java\Demo\iFL4Eclipse\org.eclipse.sed.ifl.root\bundles\org.eclipse.sed.ifl\src\org\eclipse\sed\ifl\control\score\ScoreLoaderControl.java
H:\project\clone class classification\SourceMeter-9.2.0-x64-Windows\Java\Demo\iFL4Eclipse\org.eclipse.sed.ifl.root\bundles\org.eclipse.sed.ifl\src\org\eclipse\sed\ifl\control\score\ScoreRecalculatorControl.java
H:\project\clone class classification\SourceMeter-9.2.0-x64-Windows\Java\Demo\iFL4Eclipse\org.eclipse.sed.ifl.root\bundles\org.eclipse.sed.ifl\src\org\eclipse\sed\ifl\control\score\SortingArg.java
H:\project\clone class classification\SourceMeter-9.2.0-x64-Windows\Java\Demo\iFL4Eclipse\org.eclipse.sed.ifl.root\bundles\org.eclipse.sed.ifl\src\org\eclipse\sed\ifl\control\session\SessionAlreadyActiveException.java
H:\project\clone class classification\SourceMeter-9.2.0-x64-Windows\Java\Demo\iFL4Eclipse\org.eclipse.sed.ifl.root\bundles\org.eclipse.sed.ifl\src\org\eclipse\sed\ifl\control\session\SessionControl.java
H:\project\clone class classification\SourceMeter-9.2.0-x64-Windows\Java\Demo\iFL4Eclipse\org.eclipse.sed.ifl.root\bundles\org.eclipse.sed.ifl\src\org\eclipse\sed\ifl\control\ViewlessControl.java
H:\project\clone class classification\SourceMeter-9.2.0-x64-Windows\Java\Demo\iFL4Eclipse\org.eclipse.sed.ifl.root\bundles\org.eclipse.sed.ifl\src\org\eclipse\sed\ifl\control\ViewNotSetException.java
H:\project\clone class classification\SourceMeter-9.2.0-x64-Windows\Java\Demo\iFL4Eclipse\org.eclipse.sed.ifl.root\bundles\org.eclipse.sed.ifl\src\org\eclipse\sed\ifl\core\BasicIflMethodScoreHandler.java
H:\project\clone class classification\SourceMeter-9.2.0-x64-Windows\Java\Demo\iFL4Eclipse\org.eclipse.sed.ifl.root\bundles\org.eclipse.sed.ifl\src\org\eclipse\sed\ifl\general\IDisposable.java
H:\project\clone class classification\SourceMeter-9.2.0-x64-Windows\Java\Demo\iFL4Eclipse\org.eclipse.sed.ifl.root\bundles\org.eclipse.sed.ifl\src\org\eclipse\sed\ifl\general\IEmbeddable.java
H:\project\clone class classification\SourceMeter-9.2.0-x64-Windows\Java\Demo\iFL4Eclipse\org.eclipse.sed.ifl.root\bundles\org.eclipse.sed.ifl\src\org\eclipse\sed\ifl\general\IEmbedee.java
H:\project\clone class classification\SourceMeter-9.2.0-x64-Windows\Java\Demo\iFL4Eclipse\org.eclipse.sed.ifl.root\bundles\org.eclipse.sed.ifl\src\org\eclipse\sed\ifl\ide\accessor\gui\FeatureAccessor.java
H:\project\clone class classification\SourceMeter-9.2.0-x64-Windows\Java\Demo\iFL4Eclipse\org.eclipse.sed.ifl.root\bundles\org.eclipse.sed.ifl\src\org\eclipse\sed\ifl\ide\accessor\gui\PartAccessor.java
H:\project\clone class classification\SourceMeter-9.2.0-x64-Windows\Java\Demo\iFL4Eclipse\org.eclipse.sed.ifl.root\bundles\org.eclipse.sed.ifl\src\org\eclipse\sed\ifl\ide\accessor\source\CodeEntityAccessor.java
H:\project\clone class classification\SourceMeter-9.2.0-x64-Windows\Java\Demo\iFL4Eclipse\org.eclipse.sed.ifl.root\bundles\org.eclipse.sed.ifl\src\org\eclipse\sed\ifl\ide\accessor\source\EditorAccessor.java
H:\project\clone class classification\SourceMeter-9.2.0-x64-Windows\Java\Demo\iFL4Eclipse\org.eclipse.sed.ifl.root\bundles\org.eclipse.sed.ifl\src\org\eclipse\sed\ifl\ide\accessor\source\WrongSelectionException.java
H:\project\clone class classification\SourceMeter-9.2.0-x64-Windows\Java\Demo\iFL4Eclipse\org.eclipse.sed.ifl.root\bundles\org.eclipse.sed.ifl\src\org\eclipse\sed\ifl\ide\Activator.java
H:\project\clone class classification\SourceMeter-9.2.0-x64-Windows\Java\Demo\iFL4Eclipse\org.eclipse.sed.ifl.root\bundles\org.eclipse.sed.ifl\src\org\eclipse\sed\ifl\ide\gui\dialogs\ContextBasedOptionCreatorDialog.java
H:\project\clone class classification\SourceMeter-9.2.0-x64-Windows\Java\Demo\iFL4Eclipse\org.eclipse.sed.ifl.root\bundles\org.eclipse.sed.ifl\src\org\eclipse\sed\ifl\ide\gui\dialogs\CustomInputDialog.java
H:\project\clone class classification\SourceMeter-9.2.0-x64-Windows\Java\Demo\iFL4Eclipse\org.eclipse.sed.ifl.root\bundles\org.eclipse.sed.ifl\src\org\eclipse\sed\ifl\ide\gui\dialogs\CustomWarningDialog.java
H:\project\clone class classification\SourceMeter-9.2.0-x64-Windows\Java\Demo\iFL4Eclipse\org.eclipse.sed.ifl.root\bundles\org.eclipse.sed.ifl\src\org\eclipse\sed\ifl\ide\gui\element\CardHolderComposite.java
H:\project\clone class classification\SourceMeter-9.2.0-x64-Windows\Java\Demo\iFL4Eclipse\org.eclipse.sed.ifl.root\bundles\org.eclipse.sed.ifl\src\org\eclipse\sed\ifl\ide\gui\element\CodeElementUI.java
H:\project\clone class classification\SourceMeter-9.2.0-x64-Windows\Java\Demo\iFL4Eclipse\org.eclipse.sed.ifl.root\bundles\org.eclipse.sed.ifl\src\org\eclipse\sed\ifl\ide\gui\element\ScoreSetter.java
H:\project\clone class classification\SourceMeter-9.2.0-x64-Windows\Java\Demo\iFL4Eclipse\org.eclipse.sed.ifl.root\bundles\org.eclipse.sed.ifl\src\org\eclipse\sed\ifl\ide\gui\element\SelectedElementUI.java
H:\project\clone class classification\SourceMeter-9.2.0-x64-Windows\Java\Demo\iFL4Eclipse\org.eclipse.sed.ifl.root\bundles\org.eclipse.sed.ifl\src\org\eclipse\sed\ifl\ide\gui\FilterPart.java
H:\project\clone class classification\SourceMeter-9.2.0-x64-Windows\Java\Demo\iFL4Eclipse\org.eclipse.sed.ifl.root\bundles\org.eclipse.sed.ifl\src\org\eclipse\sed\ifl\ide\gui\icon\IconSet.java
H:\project\clone class classification\SourceMeter-9.2.0-x64-Windows\Java\Demo\iFL4Eclipse\org.eclipse.sed.ifl.root\bundles\org.eclipse.sed.ifl\src\org\eclipse\sed\ifl\ide\gui\icon\OptionKind.java
H:\project\clone class classification\SourceMeter-9.2.0-x64-Windows\Java\Demo\iFL4Eclipse\org.eclipse.sed.ifl.root\bundles\org.eclipse.sed.ifl\src\org\eclipse\sed\ifl\ide\gui\icon\ScoreStatus.java
H:\project\clone class classification\SourceMeter-9.2.0-x64-Windows\Java\Demo\iFL4Eclipse\org.eclipse.sed.ifl.root\bundles\org.eclipse.sed.ifl\src\org\eclipse\sed\ifl\ide\gui\MainPart.java
H:\project\clone class classification\SourceMeter-9.2.0-x64-Windows\Java\Demo\iFL4Eclipse\org.eclipse.sed.ifl.root\bundles\org.eclipse.sed.ifl\src\org\eclipse\sed\ifl\ide\gui\MonumentUI.java
H:\project\clone class classification\SourceMeter-9.2.0-x64-Windows\Java\Demo\iFL4Eclipse\org.eclipse.sed.ifl.root\bundles\org.eclipse.sed.ifl\src\org\eclipse\sed\ifl\ide\gui\ScoreHistoryUI.java
H:\project\clone class classification\SourceMeter-9.2.0-x64-Windows\Java\Demo\iFL4Eclipse\org.eclipse.sed.ifl.root\bundles\org.eclipse.sed.ifl\src\org\eclipse\sed\ifl\ide\gui\ScoreListUI.java
H:\project\clone class classification\SourceMeter-9.2.0-x64-Windows\Java\Demo\iFL4Eclipse\org.eclipse.sed.ifl.root\bundles\org.eclipse.sed.ifl\src\org\eclipse\sed\ifl\ide\handlers\startHandler.java
H:\project\clone class classification\SourceMeter-9.2.0-x64-Windows\Java\Demo\iFL4Eclipse\org.eclipse.sed.ifl.root\bundles\org.eclipse.sed.ifl\src\org\eclipse\sed\ifl\ide\preferences\IFLPreferencePage.java
H:\project\clone class classification\SourceMeter-9.2.0-x64-Windows\Java\Demo\iFL4Eclipse\org.eclipse.sed.ifl.root\bundles\org.eclipse.sed.ifl\src\org\eclipse\sed\ifl\ide\preferences\PreferenceConstants.java
H:\project\clone class classification\SourceMeter-9.2.0-x64-Windows\Java\Demo\iFL4Eclipse\org.eclipse.sed.ifl.root\bundles\org.eclipse.sed.ifl\src\org\eclipse\sed\ifl\ide\preferences\PreferenceInitializer.java
H:\project\clone class classification\SourceMeter-9.2.0-x64-Windows\Java\Demo\iFL4Eclipse\org.eclipse.sed.ifl.root\bundles\org.eclipse.sed.ifl\src\org\eclipse\sed\ifl\model\EmptyModel.java
H:\project\clone class classification\SourceMeter-9.2.0-x64-Windows\Java\Demo\iFL4Eclipse\org.eclipse.sed.ifl.root\bundles\org.eclipse.sed.ifl\src\org\eclipse\sed\ifl\model\FilterModel.java
H:\project\clone class classification\SourceMeter-9.2.0-x64-Windows\Java\Demo\iFL4Eclipse\org.eclipse.sed.ifl.root\bundles\org.eclipse.sed.ifl\src\org\eclipse\sed\ifl\model\IModel.java
H:\project\clone class classification\SourceMeter-9.2.0-x64-Windows\Java\Demo\iFL4Eclipse\org.eclipse.sed.ifl.root\bundles\org.eclipse.sed.ifl\src\org\eclipse\sed\ifl\model\MainModel.java
H:\project\clone class classification\SourceMeter-9.2.0-x64-Windows\Java\Demo\iFL4Eclipse\org.eclipse.sed.ifl.root\bundles\org.eclipse.sed.ifl\src\org\eclipse\sed\ifl\model\monitor\ActivityMonitorModel.java
H:\project\clone class classification\SourceMeter-9.2.0-x64-Windows\Java\Demo\iFL4Eclipse\org.eclipse.sed.ifl.root\bundles\org.eclipse.sed.ifl\src\org\eclipse\sed\ifl\model\monitor\event\AbortEvent.java
H:\project\clone class classification\SourceMeter-9.2.0-x64-Windows\Java\Demo\iFL4Eclipse\org.eclipse.sed.ifl.root\bundles\org.eclipse.sed.ifl\src\org\eclipse\sed\ifl\model\monitor\event\ConfirmEvent.java
H:\project\clone class classification\SourceMeter-9.2.0-x64-Windows\Java\Demo\iFL4Eclipse\org.eclipse.sed.ifl.root\bundles\org.eclipse.sed.ifl\src\org\eclipse\sed\ifl\model\monitor\event\EclipseEvent.java
H:\project\clone class classification\SourceMeter-9.2.0-x64-Windows\Java\Demo\iFL4Eclipse\org.eclipse.sed.ifl.root\bundles\org.eclipse.sed.ifl\src\org\eclipse\sed\ifl\model\monitor\event\Event.java
H:\project\clone class classification\SourceMeter-9.2.0-x64-Windows\Java\Demo\iFL4Eclipse\org.eclipse.sed.ifl.root\bundles\org.eclipse.sed.ifl\src\org\eclipse\sed\ifl\model\monitor\event\ModeEvent.java
H:\project\clone class classification\SourceMeter-9.2.0-x64-Windows\Java\Demo\iFL4Eclipse\org.eclipse.sed.ifl.root\bundles\org.eclipse.sed.ifl\src\org\eclipse\sed\ifl\model\monitor\event\NavigationEvent.java
H:\project\clone class classification\SourceMeter-9.2.0-x64-Windows\Java\Demo\iFL4Eclipse\org.eclipse.sed.ifl.root\bundles\org.eclipse.sed.ifl\src\org\eclipse\sed\ifl\model\monitor\event\PartEvent.java
H:\project\clone class classification\SourceMeter-9.2.0-x64-Windows\Java\Demo\iFL4Eclipse\org.eclipse.sed.ifl.root\bundles\org.eclipse.sed.ifl\src\org\eclipse\sed\ifl\model\monitor\event\PreferencePropertyChangedEvent.java
H:\project\clone class classification\SourceMeter-9.2.0-x64-Windows\Java\Demo\iFL4Eclipse\org.eclipse.sed.ifl.root\bundles\org.eclipse.sed.ifl\src\org\eclipse\sed\ifl\model\monitor\event\ScoreModifiedEvent.java
H:\project\clone class classification\SourceMeter-9.2.0-x64-Windows\Java\Demo\iFL4Eclipse\org.eclipse.sed.ifl.root\bundles\org.eclipse.sed.ifl\src\org\eclipse\sed\ifl\model\monitor\event\SelectionChangedEvent.java
H:\project\clone class classification\SourceMeter-9.2.0-x64-Windows\Java\Demo\iFL4Eclipse\org.eclipse.sed.ifl.root\bundles\org.eclipse.sed.ifl\src\org\eclipse\sed\ifl\model\monitor\event\SessionEvent.java
H:\project\clone class classification\SourceMeter-9.2.0-x64-Windows\Java\Demo\iFL4Eclipse\org.eclipse.sed.ifl.root\bundles\org.eclipse.sed.ifl\src\org\eclipse\sed\ifl\model\monitor\event\UserFeedbackEvent.java
H:\project\clone class classification\SourceMeter-9.2.0-x64-Windows\Java\Demo\iFL4Eclipse\org.eclipse.sed.ifl.root\bundles\org.eclipse.sed.ifl\src\org\eclipse\sed\ifl\model\monitor\IdNode.java
H:\project\clone class classification\SourceMeter-9.2.0-x64-Windows\Java\Demo\iFL4Eclipse\org.eclipse.sed.ifl.root\bundles\org.eclipse.sed.ifl\src\org\eclipse\sed\ifl\model\monitor\IncorrectGraphState.java
H:\project\clone class classification\SourceMeter-9.2.0-x64-Windows\Java\Demo\iFL4Eclipse\org.eclipse.sed.ifl.root\bundles\org.eclipse.sed.ifl\src\org\eclipse\sed\ifl\model\monitor\LogOnlyModeModel.java
H:\project\clone class classification\SourceMeter-9.2.0-x64-Windows\Java\Demo\iFL4Eclipse\org.eclipse.sed.ifl.root\bundles\org.eclipse.sed.ifl\src\org\eclipse\sed\ifl\model\monitor\Node.java
H:\project\clone class classification\SourceMeter-9.2.0-x64-Windows\Java\Demo\iFL4Eclipse\org.eclipse.sed.ifl.root\bundles\org.eclipse.sed.ifl\src\org\eclipse\sed\ifl\model\monitor\PartMonitorModel.java
H:\project\clone class classification\SourceMeter-9.2.0-x64-Windows\Java\Demo\iFL4Eclipse\org.eclipse.sed.ifl.root\bundles\org.eclipse.sed.ifl\src\org\eclipse\sed\ifl\model\monitor\resource\CodeElement.java
H:\project\clone class classification\SourceMeter-9.2.0-x64-Windows\Java\Demo\iFL4Eclipse\org.eclipse.sed.ifl.root\bundles\org.eclipse.sed.ifl\src\org\eclipse\sed\ifl\model\monitor\resource\File.java
H:\project\clone class classification\SourceMeter-9.2.0-x64-Windows\Java\Demo\iFL4Eclipse\org.eclipse.sed.ifl.root\bundles\org.eclipse.sed.ifl\src\org\eclipse\sed\ifl\model\monitor\resource\LineInfo.java
H:\project\clone class classification\SourceMeter-9.2.0-x64-Windows\Java\Demo\iFL4Eclipse\org.eclipse.sed.ifl.root\bundles\org.eclipse.sed.ifl\src\org\eclipse\sed\ifl\model\monitor\resource\Option.java
H:\project\clone class classification\SourceMeter-9.2.0-x64-Windows\Java\Demo\iFL4Eclipse\org.eclipse.sed.ifl.root\bundles\org.eclipse.sed.ifl\src\org\eclipse\sed\ifl\model\monitor\resource\Part.java
H:\project\clone class classification\SourceMeter-9.2.0-x64-Windows\Java\Demo\iFL4Eclipse\org.eclipse.sed.ifl.root\bundles\org.eclipse.sed.ifl\src\org\eclipse\sed\ifl\model\monitor\resource\Project.java
H:\project\clone class classification\SourceMeter-9.2.0-x64-Windows\Java\Demo\iFL4Eclipse\org.eclipse.sed.ifl.root\bundles\org.eclipse.sed.ifl\src\org\eclipse\sed\ifl\model\monitor\resource\Resource.java
H:\project\clone class classification\SourceMeter-9.2.0-x64-Windows\Java\Demo\iFL4Eclipse\org.eclipse.sed.ifl.root\bundles\org.eclipse.sed.ifl\src\org\eclipse\sed\ifl\model\monitor\resource\User.java
H:\project\clone class classification\SourceMeter-9.2.0-x64-Windows\Java\Demo\iFL4Eclipse\org.eclipse.sed.ifl.root\bundles\org.eclipse.sed.ifl\src\org\eclipse\sed\ifl\model\score\history\Monument.java
H:\project\clone class classification\SourceMeter-9.2.0-x64-Windows\Java\Demo\iFL4Eclipse\org.eclipse.sed.ifl.root\bundles\org.eclipse.sed.ifl\src\org\eclipse\sed\ifl\model\score\history\ScoreHistoryModel.java
H:\project\clone class classification\SourceMeter-9.2.0-x64-Windows\Java\Demo\iFL4Eclipse\org.eclipse.sed.ifl.root\bundles\org.eclipse.sed.ifl\src\org\eclipse\sed\ifl\model\score\ScoreListModel.java
H:\project\clone class classification\SourceMeter-9.2.0-x64-Windows\Java\Demo\iFL4Eclipse\org.eclipse.sed.ifl.root\bundles\org.eclipse.sed.ifl\src\org\eclipse\sed\ifl\model\session\SessionModel.java
H:\project\clone class classification\SourceMeter-9.2.0-x64-Windows\Java\Demo\iFL4Eclipse\org.eclipse.sed.ifl.root\bundles\org.eclipse.sed.ifl\src\org\eclipse\sed\ifl\model\source\CodeChunkLocation.java
H:\project\clone class classification\SourceMeter-9.2.0-x64-Windows\Java\Demo\iFL4Eclipse\org.eclipse.sed.ifl.root\bundles\org.eclipse.sed.ifl\src\org\eclipse\sed\ifl\model\source\ICodeChunkLocation.java
H:\project\clone class classification\SourceMeter-9.2.0-x64-Windows\Java\Demo\iFL4Eclipse\org.eclipse.sed.ifl.root\bundles\org.eclipse.sed.ifl\src\org\eclipse\sed\ifl\model\source\IMethodDescription.java
H:\project\clone class classification\SourceMeter-9.2.0-x64-Windows\Java\Demo\iFL4Eclipse\org.eclipse.sed.ifl.root\bundles\org.eclipse.sed.ifl\src\org\eclipse\sed\ifl\model\source\Method.java
H:\project\clone class classification\SourceMeter-9.2.0-x64-Windows\Java\Demo\iFL4Eclipse\org.eclipse.sed.ifl.root\bundles\org.eclipse.sed.ifl\src\org\eclipse\sed\ifl\model\source\MethodIdentity.java
H:\project\clone class classification\SourceMeter-9.2.0-x64-Windows\Java\Demo\iFL4Eclipse\org.eclipse.sed.ifl.root\bundles\org.eclipse.sed.ifl\src\org\eclipse\sed\ifl\model\source\Position.java
H:\project\clone class classification\SourceMeter-9.2.0-x64-Windows\Java\Demo\iFL4Eclipse\org.eclipse.sed.ifl.root\bundles\org.eclipse.sed.ifl\src\org\eclipse\sed\ifl\model\user\identification\DefaultUser.java
H:\project\clone class classification\SourceMeter-9.2.0-x64-Windows\Java\Demo\iFL4Eclipse\org.eclipse.sed.ifl.root\bundles\org.eclipse.sed.ifl\src\org\eclipse\sed\ifl\model\user\identification\IUser.java
H:\project\clone class classification\SourceMeter-9.2.0-x64-Windows\Java\Demo\iFL4Eclipse\org.eclipse.sed.ifl.root\bundles\org.eclipse.sed.ifl\src\org\eclipse\sed\ifl\model\user\interaction\ContextBasedOption.java
H:\project\clone class classification\SourceMeter-9.2.0-x64-Windows\Java\Demo\iFL4Eclipse\org.eclipse.sed.ifl.root\bundles\org.eclipse.sed.ifl\src\org\eclipse\sed\ifl\model\user\interaction\ContextBasedOptionCreatorModel.java
H:\project\clone class classification\SourceMeter-9.2.0-x64-Windows\Java\Demo\iFL4Eclipse\org.eclipse.sed.ifl.root\bundles\org.eclipse.sed.ifl\src\org\eclipse\sed\ifl\model\user\interaction\ContextBasedOptionLambdaSetter.java
H:\project\clone class classification\SourceMeter-9.2.0-x64-Windows\Java\Demo\iFL4Eclipse\org.eclipse.sed.ifl.root\bundles\org.eclipse.sed.ifl\src\org\eclipse\sed\ifl\model\user\interaction\IUserFeedback.java
H:\project\clone class classification\SourceMeter-9.2.0-x64-Windows\Java\Demo\iFL4Eclipse\org.eclipse.sed.ifl.root\bundles\org.eclipse.sed.ifl\src\org\eclipse\sed\ifl\model\user\interaction\Option.java
H:\project\clone class classification\SourceMeter-9.2.0-x64-Windows\Java\Demo\iFL4Eclipse\org.eclipse.sed.ifl.root\bundles\org.eclipse.sed.ifl\src\org\eclipse\sed\ifl\model\user\interaction\ScoreSetterModel.java
H:\project\clone class classification\SourceMeter-9.2.0-x64-Windows\Java\Demo\iFL4Eclipse\org.eclipse.sed.ifl.root\bundles\org.eclipse.sed.ifl\src\org\eclipse\sed\ifl\model\user\interaction\SideEffect.java
H:\project\clone class classification\SourceMeter-9.2.0-x64-Windows\Java\Demo\iFL4Eclipse\org.eclipse.sed.ifl.root\bundles\org.eclipse.sed.ifl\src\org\eclipse\sed\ifl\model\user\interaction\UserFeedback.java
H:\project\clone class classification\SourceMeter-9.2.0-x64-Windows\Java\Demo\iFL4Eclipse\org.eclipse.sed.ifl.root\bundles\org.eclipse.sed.ifl\src\org\eclipse\sed\ifl\util\event\core\EmptyEvent.java
H:\project\clone class classification\SourceMeter-9.2.0-x64-Windows\Java\Demo\iFL4Eclipse\org.eclipse.sed.ifl.root\bundles\org.eclipse.sed.ifl\src\org\eclipse\sed\ifl\util\event\core\ListenerCollection.java
H:\project\clone class classification\SourceMeter-9.2.0-x64-Windows\Java\Demo\iFL4Eclipse\org.eclipse.sed.ifl.root\bundles\org.eclipse.sed.ifl\src\org\eclipse\sed\ifl\util\event\core\NonGenericListenerCollection.java
H:\project\clone class classification\SourceMeter-9.2.0-x64-Windows\Java\Demo\iFL4Eclipse\org.eclipse.sed.ifl.root\bundles\org.eclipse.sed.ifl\src\org\eclipse\sed\ifl\util\event\IListener.java
H:\project\clone class classification\SourceMeter-9.2.0-x64-Windows\Java\Demo\iFL4Eclipse\org.eclipse.sed.ifl.root\bundles\org.eclipse.sed.ifl\src\org\eclipse\sed\ifl\util\event\IListenerCollection.java
H:\project\clone class classification\SourceMeter-9.2.0-x64-Windows\Java\Demo\iFL4Eclipse\org.eclipse.sed.ifl.root\bundles\org.eclipse.sed.ifl\src\org\eclipse\sed\ifl\util\event\IListenerInvoker.java
H:\project\clone class classification\SourceMeter-9.2.0-x64-Windows\Java\Demo\iFL4Eclipse\org.eclipse.sed.ifl.root\bundles\org.eclipse.sed.ifl\src\org\eclipse\sed\ifl\util\event\INonGenericListenerCollection.java
H:\project\clone class classification\SourceMeter-9.2.0-x64-Windows\Java\Demo\iFL4Eclipse\org.eclipse.sed.ifl.root\bundles\org.eclipse.sed.ifl\src\org\eclipse\sed\ifl\util\exception\EU.java
H:\project\clone class classification\SourceMeter-9.2.0-x64-Windows\Java\Demo\iFL4Eclipse\org.eclipse.sed.ifl.root\bundles\org.eclipse.sed.ifl\src\org\eclipse\sed\ifl\util\exception\ExceptionUtil.java
H:\project\clone class classification\SourceMeter-9.2.0-x64-Windows\Java\Demo\iFL4Eclipse\org.eclipse.sed.ifl.root\bundles\org.eclipse.sed.ifl\src\org\eclipse\sed\ifl\util\items\IMethodDescriptionCollectionUtil.java
H:\project\clone class classification\SourceMeter-9.2.0-x64-Windows\Java\Demo\iFL4Eclipse\org.eclipse.sed.ifl.root\bundles\org.eclipse.sed.ifl\src\org\eclipse\sed\ifl\util\Maps.java
H:\project\clone class classification\SourceMeter-9.2.0-x64-Windows\Java\Demo\iFL4Eclipse\org.eclipse.sed.ifl.root\bundles\org.eclipse.sed.ifl\src\org\eclipse\sed\ifl\util\profile\NanoWatch.java
H:\project\clone class classification\SourceMeter-9.2.0-x64-Windows\Java\Demo\iFL4Eclipse\org.eclipse.sed.ifl.root\bundles\org.eclipse.sed.ifl\src\org\eclipse\sed\ifl\util\ui\Setter.java
H:\project\clone class classification\SourceMeter-9.2.0-x64-Windows\Java\Demo\iFL4Eclipse\org.eclipse.sed.ifl.root\bundles\org.eclipse.sed.ifl\src\org\eclipse\sed\ifl\util\wrapper\Defineable.java
H:\project\clone class classification\SourceMeter-9.2.0-x64-Windows\Java\Demo\iFL4Eclipse\org.eclipse.sed.ifl.root\bundles\org.eclipse.sed.ifl\src\org\eclipse\sed\ifl\util\wrapper\FilterParams.java
H:\project\clone class classification\SourceMeter-9.2.0-x64-Windows\Java\Demo\iFL4Eclipse\org.eclipse.sed.ifl.root\bundles\org.eclipse.sed.ifl\src\org\eclipse\sed\ifl\util\wrapper\Projection.java
H:\project\clone class classification\SourceMeter-9.2.0-x64-Windows\Java\Demo\iFL4Eclipse\org.eclipse.sed.ifl.root\bundles\org.eclipse.sed.ifl\src\org\eclipse\sed\ifl\util\wrapper\Relativeable.java
H:\project\clone class classification\SourceMeter-9.2.0-x64-Windows\Java\Demo\iFL4Eclipse\org.eclipse.sed.ifl.root\bundles\org.eclipse.sed.ifl\src\org\eclipse\sed\ifl\view\ContextBasedOptionCreatorView.java
H:\project\clone class classification\SourceMeter-9.2.0-x64-Windows\Java\Demo\iFL4Eclipse\org.eclipse.sed.ifl.root\bundles\org.eclipse.sed.ifl\src\org\eclipse\sed\ifl\view\FilterView.java
H:\project\clone class classification\SourceMeter-9.2.0-x64-Windows\Java\Demo\iFL4Eclipse\org.eclipse.sed.ifl.root\bundles\org.eclipse.sed.ifl\src\org\eclipse\sed\ifl\view\IView.java
H:\project\clone class classification\SourceMeter-9.2.0-x64-Windows\Java\Demo\iFL4Eclipse\org.eclipse.sed.ifl.root\bundles\org.eclipse.sed.ifl\src\org\eclipse\sed\ifl\view\ScoreHistoryView.java
H:\project\clone class classification\SourceMeter-9.2.0-x64-Windows\Java\Demo\iFL4Eclipse\org.eclipse.sed.ifl.root\bundles\org.eclipse.sed.ifl\src\org\eclipse\sed\ifl\view\ScoreListView.java
H:\project\clone class classification\SourceMeter-9.2.0-x64-Windows\Java\Demo\iFL4Eclipse\org.eclipse.sed.ifl.root\bundles\org.eclipse.sed.ifl\src\org\eclipse\sed\ifl\view\ScoreLoaderView.java
H:\project\clone class classification\SourceMeter-9.2.0-x64-Windows\Java\Demo\iFL4Eclipse\org.eclipse.sed.ifl.root\bundles\org.eclipse.sed.ifl\src\org\eclipse\sed\ifl\view\ScoreRecalculatorView.java
H:\project\clone class classification\SourceMeter-9.2.0-x64-Windows\Java\Demo\iFL4Eclipse\org.eclipse.sed.ifl.root\bundles\org.eclipse.sed.ifl\src\org\eclipse\sed\ifl\view\ScoreSetterView.java
H:\project\clone class classification\SourceMeter-9.2.0-x64-Windows\Java\Demo\iFL4Eclipse\org.eclipse.sed.ifl.root\bundles\org.eclipse.sed.ifl\src\org\eclipse\sed\ifl\view\SessionView.java
H:\project\clone class classification\SourceMeter-9.2.0-x64-Windows\Java\Demo\iFL4Eclipse\org.eclipse.sed.ifl.root\bundles\org.eclipse.sed.ifl\src\org\eclipse\sed\ifl\view\UnableToDisplayDataPointsException.java
H:\project\clone class classification\SourceMeter-9.2.0-x64-Windows\Java\Demo\iFL4Eclipse\org.eclipse.sed.ifl.root\bundles\org.eclipse.sed.ifl\src\org\eclipse\sed\ifl\view\View.java
H:\project\clone class classification\SourceMeter-9.2.0-x64-Windows\Java\Demo\iFL4Eclipse\org.eclipse.sed.ifl.root\bundles\org.eclipse.sed.ifl\src\org\eclipse\sed\ifl\views\SampleView.java
H:\project\clone class classification\SourceMeter-9.2.0-x64-Windows\Java\Demo\iFL4Eclipse\org.eclipse.sed.ifl.root\bundles\org.eclipse.sed.ifl\src\org\eclipse\wb\swt\ResourceManager.java
H:\project\clone class classification\SourceMeter-9.2.0-x64-Windows\Java\Demo\iFL4Eclipse\org.eclipse.sed.ifl.root\bundles\org.eclipse.sed.ifl\src\org\eclipse\wb\swt\SWTResourceManager.java
